// Jest Snapshot v1, https://goo.gl/fbAQLP

exports[`snapshot EntryList 1`] = `
<Component
  items={
    Array [
      Object {
        "createdAt": "Sat Aug 17 2019 20:51:07 GMT-0600 (Mountain Daylight Time)",
        "data": Object {
          "a": "A1",
          "b": "B1",
          "c": "C1",
        },
        "guid": "e1",
        "text": "entry #1",
        "updatedAt": "Sat Aug 17 2019 20:51:07 GMT-0600 (Mountain Daylight Time)",
      },
      Object {
        "createdAt": "Sat Aug 17 2019 20:51:07 GMT-0600 (Mountain Daylight Time)",
        "data": Object {
          "a": "A2",
          "b": "B2",
          "c": "C2",
        },
        "guid": "e2",
        "text": "entry #2",
        "updatedAt": "Sat Aug 17 2019 20:51:07 GMT-0600 (Mountain Daylight Time)",
      },
      Object {
        "createdAt": "Sat Aug 17 2019 20:51:07 GMT-0600 (Mountain Daylight Time)",
        "data": Object {
          "a": "A3",
          "b": "B3",
          "c": "C3",
        },
        "guid": "e3",
        "text": "entry #3",
        "updatedAt": "Sat Aug 17 2019 20:51:07 GMT-0600 (Mountain Daylight Time)",
      },
    ]
  }
>
  <div>
    <div
      className="entry"
      key="e1"
    >
      <div>
        entry #1
      </div>
      <div
        className="entry-data"
      >
        <span
          className="entry-data-item"
          key="0"
        >
          a
          : 
          A1
        </span>
        <span
          className="entry-data-item"
          key="1"
        >
          b
          : 
          B1
        </span>
        <span
          className="entry-data-item"
          key="2"
        >
          c
          : 
          C1
        </span>
      </div>
    </div>
    <div
      className="entry"
      key="e2"
    >
      <div>
        entry #2
      </div>
      <div
        className="entry-data"
      >
        <span
          className="entry-data-item"
          key="0"
        >
          a
          : 
          A2
        </span>
        <span
          className="entry-data-item"
          key="1"
        >
          b
          : 
          B2
        </span>
        <span
          className="entry-data-item"
          key="2"
        >
          c
          : 
          C2
        </span>
      </div>
    </div>
    <div
      className="entry"
      key="e3"
    >
      <div>
        entry #3
      </div>
      <div
        className="entry-data"
      >
        <span
          className="entry-data-item"
          key="0"
        >
          a
          : 
          A3
        </span>
        <span
          className="entry-data-item"
          key="1"
        >
          b
          : 
          B3
        </span>
        <span
          className="entry-data-item"
          key="2"
        >
          c
          : 
          C3
        </span>
      </div>
    </div>
  </div>
</Component>
`;
